INFO:  latexindent version 3.23.6, 2024-01-17, a script to indent .tex files
       latexindent lives here: /usr/share/texlive/texmf-dist/scripts/latexindent/
       Mon Apr 20 20:34:04 2026
       Filename: ./capitole/arhitectura.tex
INFO:  Processing switches:
INFO:  Directory for backup files and indent.log:
       ./capitole
       cruft directory creation: ./capitole
INFO:  YAML settings read: defaultSettings.yaml
       Reading defaultSettings.yaml from /usr/share/texlive/texmf-dist/scripts/latexindent/defaultSettings.yaml
INFO:  YAML reading settings
       Home directory is /home/theodor
       latexindent.pl didn't find indentconfig.yaml or .indentconfig.yaml
       see all possible locations: https://latexindentpl.readthedocs.io/en/latest/sec-appendices.html#indentconfig-options)
INFO:  -l switch used without filename, will search for the following files in turn:
       localSettings.yaml,latexindent.yaml,.localSettings.yaml,.latexindent.yaml
INFO:  YAML settings read: -l switch
       Multiple localSettings found, separated by commas:
       localSettings.yaml, latexindent.yaml, .localSettings.yaml, .latexindent.yaml
       Adding /home/theodor/code/facultate/licenta_repo/document/.latexindent.yaml to YAML read paths
INFO:  YAML settings, reading from the following files:
       Reading USER settings from /home/theodor/code/facultate/licenta_repo/document/.latexindent.yaml
       ---
       defaultIndent: '  '
       modifyLineBreaks:
         textWrapOptions:
           break: '1'
           columns: '80'

WARN:  modifyLineBreaks specified and m switch is *not* active
       perhaps you intended to call
            latexindent.pl -m -l /home/theodor/code/facultate/licenta_repo/document/.latexindent.yaml ./capitole/arhitectura.tex
FATAL I couldn't find ./capitole/arhitectura.tex, are you sure it exists?
      Exiting, no indentation done.
       --------------
INFO:  Please direct all communication/issues to:
        https://github.com/cmhughes/latexindent.pl
